// Jest Snapshot v1, https://goo.gl/fbAQLP

exports[`components/CopyButton should render children the icon button 1`] = `
<CopyToClipboard
  text="let bingo = \\"BINGO\\""
>
  <Button
    ariaLabel="Copy code snippet"
    onBlur={[Function]}
    onClick={[Function]}
    style="plain"
    testSection="fake-test-section-copy-button"
  >
    <Icon
      name="clipboard"
    />
  </Button>
</CopyToClipboard>
`;
